>The velocity math`v [L T^-1]` is measured.
#^^^^^^^^^^^^^ source.verso
#             ^^^^ source.verso keyword.other.tag.math.verso
#                 ^ source.verso string.other.begin.verso
#                  ^^ source.verso string.other.math.verso
#                    ^ source.verso string.other.math.verso meta.bracket-annotation.verso punctuation.definition.bracket.begin.verso
#                     ^ source.verso string.other.math.verso meta.bracket-annotation.verso storage.type.dimension.verso
#                      ^ source.verso string.other.math.verso meta.bracket-annotation.verso
#                       ^ source.verso string.other.math.verso meta.bracket-annotation.verso storage.type.dimension.verso
#                        ^ source.verso string.other.math.verso meta.bracket-annotation.verso keyword.operator.verso
#                         ^ source.verso string.other.math.verso meta.bracket-annotation.verso keyword.operator.verso
#                          ^ source.verso string.other.math.verso meta.bracket-annotation.verso constant.numeric.decimal.verso
#                           ^ source.verso string.other.math.verso meta.bracket-annotation.verso punctuation.definition.bracket.end.verso
#                            ^ source.verso string.other.end.verso
#                             ^^^^^^^^^^^^^^ source.verso
>Speed is math`3*10^8 [m/s]`.
#^^^^^^^^^ source.verso
#         ^^^^ source.verso keyword.other.tag.math.verso
#             ^ source.verso string.other.begin.verso
#              ^ source.verso string.other.math.verso constant.numeric.decimal.verso
#               ^ source.verso string.other.math.verso keyword.operator.arithmetic.verso
#                ^^ source.verso string.other.math.verso constant.numeric.decimal.verso
#                  ^ source.verso string.other.math.verso keyword.operator.power.verso
#                   ^ source.verso string.other.math.verso constant.numeric.decimal.verso
#                    ^ source.verso string.other.math.verso
#                     ^ source.verso string.other.math.verso meta.bracket-annotation.verso punctuation.definition.bracket.begin.verso
#                      ^ source.verso string.other.math.verso meta.bracket-annotation.verso storage.type.unit.verso
#                       ^ source.verso string.other.math.verso meta.bracket-annotation.verso keyword.operator.verso
#                        ^ source.verso string.other.math.verso meta.bracket-annotation.verso storage.type.unit.verso
#                         ^ source.verso string.other.math.verso meta.bracket-annotation.verso punctuation.definition.bracket.end.verso
#                          ^ source.verso string.other.end.verso
#                           ^^ source.verso
>Gravity exceeds math`2*10^10c`.
#^^^^^^^^^^^^^^^^ source.verso
#                ^^^^ source.verso keyword.other.tag.math.verso
#                    ^ source.verso string.other.begin.verso
#                     ^ source.verso string.other.math.verso constant.numeric.decimal.verso
#                      ^ source.verso string.other.math.verso keyword.operator.arithmetic.verso
#                       ^^ source.verso string.other.math.verso constant.numeric.decimal.verso
#                         ^ source.verso string.other.math.verso keyword.operator.power.verso
#                          ^^ source.verso string.other.math.verso constant.numeric.decimal.verso
#                            ^ source.verso string.other.math.verso
#                             ^ source.verso string.other.end.verso
#                              ^^ source.verso
>A citation cite`einstein1905` here.
#^^^^^^^^^^^ source.verso
#           ^^^^ source.verso keyword.other.tag.cite.verso
#               ^ source.verso string.other.begin.verso
#                ^^^^^^^^^^^^ source.verso string.other.citation.verso
#                            ^ source.verso string.other.end.verso
#                             ^^^^^^^ source.verso
>See claim`pythagorean` for details.
#^^^^ source.verso
#    ^^^^^ source.verso keyword.other.tag.claim.verso
#         ^ source.verso string.other.begin.verso
#          ^^^^^^^^^^^ source.verso entity.name.function.claim-ref.verso
#                     ^ source.verso string.other.end.verso
#                      ^^^^^^^^^^^^^^ source.verso
>Using tex`\alpha` for greek.
#^^^^^^ source.verso
#      ^^^ source.verso keyword.other.tag.tex.verso
#         ^ source.verso string.other.begin.verso
#          ^^^^^^ source.verso string.other.tex.verso
#                ^ source.verso string.other.end.verso
#                 ^^^^^^^^^^^^ source.verso
>A cross-ref ref`earth-and-the-solar-system|Hydrogen creation` here.
#^^^^^^^^^^^^ source.verso
#            ^^^ source.verso keyword.other.tag.ref.verso
#               ^ source.verso string.other.begin.verso
#                ^^^^^^^^^^^^^^^^^^^^^^^^^^ source.verso entity.name.tag.cross-ref.verso
#                                          ^ source.verso punctuation.separator.pipe.verso
#                                           ^^^^^^^^^^^^^^^^^ source.verso string.other.display-text.verso
#                                                            ^ source.verso string.other.end.verso
#                                                             ^^^^^^^ source.verso
>A plain ref ref`some-label` here.
#^^^^^^^^^^^^ source.verso
#            ^^^ source.verso keyword.other.tag.ref.verso
#               ^ source.verso string.other.begin.verso
#                ^^^^^^^^^^ source.verso entity.name.tag.cross-ref.verso
#                          ^ source.verso string.other.end.verso
#                           ^^^^^^^ source.verso
>Visit url`https://example.com|Example Site` now.
#^^^^^^ source.verso
#      ^^^ source.verso keyword.other.tag.url.verso
#         ^ source.verso string.other.begin.verso
#          ^^^^^^^^^^^^^^^^^^^ source.verso markup.underline.link.verso
#                             ^ source.verso punctuation.separator.pipe.verso
#                              ^^^^^^^^^^^^ source.verso string.other.display-text.verso
#                                          ^ source.verso string.other.end.verso
#                                           ^^^^^^ source.verso
>## Absolute Time label`absolute-time`
#^^ source.verso markup.heading.2.verso punctuation.definition.heading.verso
#  ^ source.verso markup.heading.2.verso
#   ^^^^^^^^^^^^^^ source.verso markup.heading.2.verso
#                 ^^^^^ source.verso markup.heading.2.verso keyword.other.tag.label.verso
#                      ^ source.verso markup.heading.2.verso string.other.begin.verso
#                       ^^^^^^^^^^^^^ source.verso markup.heading.2.verso entity.name.tag.label.verso
#                                    ^ source.verso markup.heading.2.verso string.other.end.verso
>:var v [L T^-1]
#^^^^ source.verso keyword.control.directive.var.verso
#    ^ source.verso
#     ^ source.verso variable.parameter.var.verso
#      ^ source.verso
#       ^^^^^^^^ source.verso storage.type.dimension.verso
>:var F [M L T^-2]
#^^^^ source.verso keyword.control.directive.var.verso
#    ^ source.verso
#     ^ source.verso variable.parameter.var.verso
#      ^ source.verso
#       ^^^^^^^^^^ source.verso storage.type.dimension.verso
>