>:claim inline_dim
#^^^^^^ source.erd meta.block.claim.erd keyword.control.directive.claim.erd
#      ^ source.erd meta.block.claim.erd
#       ^^^^^^^^^^ source.erd meta.block.claim.erd entity.name.tag.claim.erd
>  v [L T^-1] = v [L T^-1]
#^^ source.erd meta.block.claim.erd
#  ^^ source.erd meta.block.claim.erd meta.expression.lhs.erd
#    ^ source.erd meta.block.claim.erd meta.expression.lhs.erd meta.bracket-annotation.erd punctuation.definition.bracket.begin.erd
#     ^ source.erd meta.block.claim.erd meta.expression.lhs.erd meta.bracket-annotation.erd support.type.dimension.erd
#      ^ source.erd meta.block.claim.erd meta.expression.lhs.erd meta.bracket-annotation.erd
#       ^ source.erd meta.block.claim.erd meta.expression.lhs.erd meta.bracket-annotation.erd support.type.dimension.erd
#        ^ source.erd meta.block.claim.erd meta.expression.lhs.erd meta.bracket-annotation.erd keyword.operator.erd
#         ^ source.erd meta.block.claim.erd meta.expression.lhs.erd meta.bracket-annotation.erd keyword.operator.erd
#          ^ source.erd meta.block.claim.erd meta.expression.lhs.erd meta.bracket-annotation.erd constant.numeric.erd
#           ^ source.erd meta.block.claim.erd meta.expression.lhs.erd meta.bracket-annotation.erd punctuation.definition.bracket.end.erd
#            ^ source.erd meta.block.claim.erd
#             ^ source.erd meta.block.claim.erd keyword.operator.equals.erd
#              ^ source.erd meta.block.claim.erd
#               ^^ source.erd meta.block.claim.erd meta.expression.rhs.erd
#                 ^ source.erd meta.block.claim.erd meta.expression.rhs.erd meta.bracket-annotation.erd punctuation.definition.bracket.begin.erd
#                  ^ source.erd meta.block.claim.erd meta.expression.rhs.erd meta.bracket-annotation.erd support.type.dimension.erd
#                   ^ source.erd meta.block.claim.erd meta.expression.rhs.erd meta.bracket-annotation.erd
#                    ^ source.erd meta.block.claim.erd meta.expression.rhs.erd meta.bracket-annotation.erd support.type.dimension.erd
#                     ^ source.erd meta.block.claim.erd meta.expression.rhs.erd meta.bracket-annotation.erd keyword.operator.erd
#                      ^ source.erd meta.block.claim.erd meta.expression.rhs.erd meta.bracket-annotation.erd keyword.operator.erd
#                       ^ source.erd meta.block.claim.erd meta.expression.rhs.erd meta.bracket-annotation.erd constant.numeric.erd
#                        ^ source.erd meta.block.claim.erd meta.expression.rhs.erd meta.bracket-annotation.erd punctuation.definition.bracket.end.erd
>
>:claim compound_unit
#^^^^^^ source.erd meta.block.claim.erd keyword.control.directive.claim.erd
#      ^ source.erd meta.block.claim.erd
#       ^^^^^^^^^^^^^ source.erd meta.block.claim.erd entity.name.tag.claim.erd
>  3*10^8 [m/s] = 3*10^8 [m/s]
#^^ source.erd meta.block.claim.erd
#  ^ source.erd meta.block.claim.erd meta.expression.lhs.erd constant.numeric.erd
#   ^ source.erd meta.block.claim.erd meta.expression.lhs.erd keyword.operator.arithmetic.erd
#    ^^ source.erd meta.block.claim.erd meta.expression.lhs.erd constant.numeric.erd
#      ^ source.erd meta.block.claim.erd meta.expression.lhs.erd keyword.operator.power.erd
#       ^ source.erd meta.block.claim.erd meta.expression.lhs.erd constant.numeric.erd
#        ^ source.erd meta.block.claim.erd meta.expression.lhs.erd
#         ^ source.erd meta.block.claim.erd meta.expression.lhs.erd meta.bracket-annotation.erd punctuation.definition.bracket.begin.erd
#          ^ source.erd meta.block.claim.erd meta.expression.lhs.erd meta.bracket-annotation.erd support.type.unit.erd
#           ^ source.erd meta.block.claim.erd meta.expression.lhs.erd meta.bracket-annotation.erd keyword.operator.erd
#            ^ source.erd meta.block.claim.erd meta.expression.lhs.erd meta.bracket-annotation.erd support.type.unit.erd
#             ^ source.erd meta.block.claim.erd meta.expression.lhs.erd meta.bracket-annotation.erd punctuation.definition.bracket.end.erd
#              ^ source.erd meta.block.claim.erd
#               ^ source.erd meta.block.claim.erd keyword.operator.equals.erd
#                ^ source.erd meta.block.claim.erd
#                 ^ source.erd meta.block.claim.erd meta.expression.rhs.erd constant.numeric.erd
#                  ^ source.erd meta.block.claim.erd meta.expression.rhs.erd keyword.operator.arithmetic.erd
#                   ^^ source.erd meta.block.claim.erd meta.expression.rhs.erd constant.numeric.erd
#                     ^ source.erd meta.block.claim.erd meta.expression.rhs.erd keyword.operator.power.erd
#                      ^ source.erd meta.block.claim.erd meta.expression.rhs.erd constant.numeric.erd
#                       ^ source.erd meta.block.claim.erd meta.expression.rhs.erd
#                        ^ source.erd meta.block.claim.erd meta.expression.rhs.erd meta.bracket-annotation.erd punctuation.definition.bracket.begin.erd
#                         ^ source.erd meta.block.claim.erd meta.expression.rhs.erd meta.bracket-annotation.erd support.type.unit.erd
#                          ^ source.erd meta.block.claim.erd meta.expression.rhs.erd meta.bracket-annotation.erd keyword.operator.erd
#                           ^ source.erd meta.block.claim.erd meta.expression.rhs.erd meta.bracket-annotation.erd support.type.unit.erd
#                            ^ source.erd meta.block.claim.erd meta.expression.rhs.erd meta.bracket-annotation.erd punctuation.definition.bracket.end.erd
>
>:claim si_prefix
#^^^^^^ source.erd meta.block.claim.erd keyword.control.directive.claim.erd
#      ^ source.erd meta.block.claim.erd
#       ^^^^^^^^^ source.erd meta.block.claim.erd entity.name.tag.claim.erd
>  1 [km] = 1000 [m]
#^^ source.erd meta.block.claim.erd
#  ^ source.erd meta.block.claim.erd meta.expression.lhs.erd constant.numeric.erd
#   ^ source.erd meta.block.claim.erd meta.expression.lhs.erd
#    ^ source.erd meta.block.claim.erd meta.expression.lhs.erd meta.bracket-annotation.erd punctuation.definition.bracket.begin.erd
#     ^^ source.erd meta.block.claim.erd meta.expression.lhs.erd meta.bracket-annotation.erd support.type.unit.erd
#       ^ source.erd meta.block.claim.erd meta.expression.lhs.erd meta.bracket-annotation.erd punctuation.definition.bracket.end.erd
#        ^ source.erd meta.block.claim.erd
#         ^ source.erd meta.block.claim.erd keyword.operator.equals.erd
#          ^ source.erd meta.block.claim.erd
#           ^^^^ source.erd meta.block.claim.erd meta.expression.rhs.erd constant.numeric.erd
#               ^ source.erd meta.block.claim.erd meta.expression.rhs.erd
#                ^ source.erd meta.block.claim.erd meta.expression.rhs.erd meta.bracket-annotation.erd punctuation.definition.bracket.begin.erd
#                 ^ source.erd meta.block.claim.erd meta.expression.rhs.erd meta.bracket-annotation.erd support.type.unit.erd
#                  ^ source.erd meta.block.claim.erd meta.expression.rhs.erd meta.bracket-annotation.erd punctuation.definition.bracket.end.erd
>
>:claim derived_unit
#^^^^^^ source.erd meta.block.claim.erd keyword.control.directive.claim.erd
#      ^ source.erd meta.block.claim.erd
#       ^^^^^^^^^^^^ source.erd meta.block.claim.erd entity.name.tag.claim.erd
>  10 [N] = 10 [N]
#^^ source.erd meta.block.claim.erd
#  ^^ source.erd meta.block.claim.erd meta.expression.lhs.erd constant.numeric.erd
#    ^ source.erd meta.block.claim.erd meta.expression.lhs.erd
#     ^ source.erd meta.block.claim.erd meta.expression.lhs.erd meta.bracket-annotation.erd punctuation.definition.bracket.begin.erd
#      ^ source.erd meta.block.claim.erd meta.expression.lhs.erd meta.bracket-annotation.erd support.type.dimension.erd
#       ^ source.erd meta.block.claim.erd meta.expression.lhs.erd meta.bracket-annotation.erd punctuation.definition.bracket.end.erd
#        ^ source.erd meta.block.claim.erd
#         ^ source.erd meta.block.claim.erd keyword.operator.equals.erd
#          ^ source.erd meta.block.claim.erd
#           ^^ source.erd meta.block.claim.erd meta.expression.rhs.erd constant.numeric.erd
#             ^ source.erd meta.block.claim.erd meta.expression.rhs.erd
#              ^ source.erd meta.block.claim.erd meta.expression.rhs.erd meta.bracket-annotation.erd punctuation.definition.bracket.begin.erd
#               ^ source.erd meta.block.claim.erd meta.expression.rhs.erd meta.bracket-annotation.erd support.type.dimension.erd
#                ^ source.erd meta.block.claim.erd meta.expression.rhs.erd meta.bracket-annotation.erd punctuation.definition.bracket.end.erd
>